// Jest Snapshot v1, https://goo.gl/fbAQLP

exports[`Footer Component Snapshot should renders correctly 1`] = `
<div
  className="c-page__footer"
>
  <div
    className="p-2 container"
  >
    <div
      className="c-footer"
    >
      <span
        className="c-footer__logo"
      >
        netflixroulette
      </span>
    </div>
  </div>
</div>
`;
