// Jest Snapshot v1, https://goo.gl/fbAQLP

exports[`Footer Component Snapshot should renders correctly 1`] = `
<div
  className="c-movie-card"
  onClick={[Function]}
>
  <img
    className="c-movie-card__poster"
    src="https://image.tmdb.org/t/p/w500/cvit6HDbXHE6W5kGPd47jd0wthQ.jpg"
  />
  <div
    className="c-movie-card__title-and-year"
  >
    <span
      className="c-movie-card__title"
    >
      I Kill Giants
    </span>
    <span
      className="c-movie-card__year"
    >
      2018
    </span>
  </div>
  <div
    className="c-movie-card__genres"
  >
    Thriller, Drama, Fantasy
  </div>
</div>
`;
