// Jest Snapshot v1, https://goo.gl/fbAQLP

exports[`Movies Empty List Component Snapshot should renders correctly 1`] = `
<div
  className="c-movies-list c-movies-list--empty"
>
  <h1
    className="c-movies-list__no-found-title"
  >
    No films found
  </h1>
</div>
`;
